// Jest Snapshot v1, https://goo.gl/fbAQLP

exports[`Snapshot matches snapshot after data loads 1`] = `
<DocumentFragment>
  <section
    class="min-h-screen bg-offwhite text-slate-900"
  >
    <header
      class="fixed top-0 left-0 right-0 z-50 bg-white border-b border-slate-200 shadow-sm"
    >
      <div
        class="flex items-center justify-between gap-3 px-4 lg:px-6 h-16"
      >
        <div
          class="flex items-center gap-3 min-w-0"
        >
          <div
            class="w-9 h-9 shrink-0 rounded-2xl bg-indigo-600 grid place-items-center text-white text-base font-bold"
          >
            U
          </div>
          <div
            class="min-w-0"
          >
            <div
              class="font-display text-base lg:text-lg font-semibold text-slate-900 truncate"
            >
              UNIMART
            </div>
            <div
              class="text-[10px] lg:text-xs uppercase tracking-[0.18em] text-slate-500 truncate"
            >
              Admin Portal
            </div>
          </div>
          <div
            aria-hidden="true"
            class="hidden md:block h-8 w-px bg-slate-200 mx-1"
          />
          <div
            class="hidden md:block text-sm font-semibold text-slate-900 truncate"
          >
            Admin Workspace
          </div>
        </div>
        <nav
          aria-label="Dashboard navigation"
          class="hidden lg:flex flex-1 items-center justify-center gap-1 max-w-3xl mx-4"
        >
          <button
            class="flex items-center gap-2 rounded-xl px-3 py-2 text-sm font-medium whitespace-nowrap transition-colors text-slate-600 hover:bg-slate-100"
            type="button"
          >
            <span
              class="material-symbols-outlined text-lg"
            >
              calendar_month
            </span>
            Slot Capacity
          </button>
          <button
            class="flex items-center gap-2 rounded-xl px-3 py-2 text-sm font-medium whitespace-nowrap transition-colors text-slate-600 hover:bg-slate-100"
            type="button"
          >
            <span
              class="material-symbols-outlined text-lg"
            >
              schedule
            </span>
            Operating Hours
          </button>
          <button
            class="flex items-center gap-2 rounded-xl px-3 py-2 text-sm font-medium whitespace-nowrap transition-colors bg-indigo-50 text-indigo-700"
            type="button"
          >
            <span
              class="material-symbols-outlined text-lg"
            >
              analytics
            </span>
            Analytics
          </button>
        </nav>
        <div
          class="flex items-center gap-2 shrink-0"
        >
          <button
            class="hidden lg:flex items-center gap-2 rounded-xl px-3 py-2 text-sm text-slate-600 hover:bg-slate-100"
            type="button"
          >
            <span
              class="material-symbols-outlined text-lg"
            >
              logout
            </span>
            Logout
          </button>
          <div
            class="hidden sm:grid w-9 h-9 rounded-full bg-indigo-600 place-items-center text-white text-sm font-semibold"
          >
            A
          </div>
          <button
            aria-expanded="false"
            aria-label="Toggle navigation"
            class="lg:hidden text-slate-900 p-1"
            type="button"
          >
            <span
              class="material-symbols-outlined text-3xl"
            >
              menu
            </span>
          </button>
        </div>
      </div>
    </header>
    <section
      class="pt-16 min-h-screen flex flex-col"
    >
      <main
        class="flex-1 flex items-start justify-center p-4 sm:p-6 lg:p-8"
      >
        <section
          class="w-full max-w-3xl rounded-2xl border border-slate-100 bg-white p-6 sm:p-8 lg:p-10"
        >
          <section
            id="slot-capacity-section"
          >
            <section
              style="margin-bottom: 28px;"
            >
              <h2
                style="font-size: 20px; font-weight: 700; color: rgb(26, 26, 46); margin: 0px 0px 8px;"
              >
                Configure Slot Capacity
              </h2>
              <p
                style="font-size: 14px; color: rgb(107, 114, 128); margin: 0px; line-height: 1.5;"
              >
                Define how many reservations each time slot may accept for a given date.
              </p>
            </section>
            <section
              class="grid grid-cols-1 sm:grid-cols-2 gap-5"
            >
              <section>
                <label
                  style="display: block; font-size: 12px; font-weight: 600; color: rgb(107, 114, 128); letter-spacing: 0.07em; text-transform: uppercase; margin-bottom: 8px;"
                >
                  Date
                </label>
                <input
                  style="width: 100%; padding: 12px 16px; font-size: 15px; border: 1px solid #d1d5db; border-radius: 10px; outline: none; color: rgb(26, 26, 46); background: rgb(255, 255, 255); box-sizing: border-box;"
                  type="date"
                  value="2026-05-18"
                />
              </section>
              <section>
                <label
                  style="display: block; font-size: 12px; font-weight: 600; color: rgb(107, 114, 128); letter-spacing: 0.07em; text-transform: uppercase; margin-bottom: 8px;"
                >
                  Time Slot
                </label>
                <select
                  style="width: 100%; padding: 12px 16px; font-size: 15px; border: 1px solid #d1d5db; border-radius: 10px; outline: none; color: rgb(26, 26, 46); background: rgb(255, 255, 255); box-sizing: border-box; appearance: none; cursor: pointer;"
                >
                  <option
                    value="09:00 - 10:00"
                  >
                    09:00 - 10:00
                  </option>
                  <option
                    value="10:00 - 11:00"
                  >
                    10:00 - 11:00
                  </option>
                  <option
                    value="11:00 - 12:00"
                  >
                    11:00 - 12:00
                  </option>
                  <option
                    value="12:00 - 13:00"
                  >
                    12:00 - 13:00
                  </option>
                  <option
                    value="13:00 - 14:00"
                  >
                    13:00 - 14:00
                  </option>
                  <option
                    value="14:00 - 15:00"
                  >
                    14:00 - 15:00
                  </option>
                  <option
                    value="15:00 - 16:00"
                  >
                    15:00 - 16:00
                  </option>
                  <option
                    value="16:00 - 17:00"
                  >
                    16:00 - 17:00
                  </option>
                </select>
              </section>
            </section>
            <section
              style="margin-top: 20px;"
            >
              <label
                style="display: block; font-size: 12px; font-weight: 600; color: rgb(107, 114, 128); letter-spacing: 0.07em; text-transform: uppercase; margin-bottom: 8px;"
              >
                Slot Capacity
              </label>
              <input
                min="1"
                style="width: 160px; padding: 12px 16px; font-size: 15px; border: 1px solid #d1d5db; border-radius: 10px; outline: none; color: rgb(26, 26, 46); background: rgb(255, 255, 255); box-sizing: border-box;"
                type="number"
                value="10"
              />
              <section
                style="margin-top: 12px; display: flex; gap: 16px; flex-wrap: wrap;"
              >
                <span
                  style="font-size: 14px; color: rgb(107, 114, 128);"
                >
                  Booked: 5
                </span>
                <span
                  style="font-size: 14px; color: rgb(107, 114, 128);"
                >
                  Remaining: 5
                </span>
              </section>
            </section>
            <section
              class="flex justify-end mt-6"
            >
              <button
                class="w-full sm:w-auto"
                style="padding: 12px 26px; font-size: 14px; font-weight: 600; border-radius: 10px; background: rgb(79, 70, 229); color: rgb(255, 255, 255); cursor: pointer;"
              >
                Save Slot Capacity
              </button>
            </section>
            <section
              style="margin-top: 28px; padding-top: 24px; border-top: 1px dashed #e8e8f0;"
            >
              <p
                style="margin: 0px 0px 14px; font-size: 13px; font-weight: 600; color: rgb(107, 114, 128); text-transform: uppercase; letter-spacing: 0.07em;"
              >
                Bulk Apply
              </p>
              <p
                style="margin: 0px 0px 16px; font-size: 14px; color: rgb(107, 114, 128);"
              >
                Apply the capacity value above to multiple slots at once.
              </p>
              <section
                style="display: flex; gap: 12px; flex-wrap: wrap;"
              >
                <button
                  style="padding: 10px 20px; font-size: 14px; font-weight: 500; border: 1px solid #4f46e5; border-radius: 10px; background: rgb(245, 243, 255); color: rgb(79, 70, 229); cursor: pointer; opacity: 1;"
                >
                  All slots on 2026-05-18
                </button>
              </section>
            </section>
          </section>
          <section
            id="operating-hours-section"
            style="margin-top: 40px; padding-top: 40px; border-top: 1px solid #e8e8f0;"
          >
            <section
              style="margin-bottom: 28px;"
            >
              <h2
                style="font-size: 20px; font-weight: 700; color: rgb(26, 26, 46); margin: 0px 0px 8px;"
              >
                Configure Facility Operating Hours
              </h2>
              <p
                style="font-size: 14px; color: rgb(107, 114, 128); margin: 0px; line-height: 1.5;"
              >
                Set the daily operating hours for the facility.
              </p>
            </section>
            <section
              class="grid grid-cols-1 sm:grid-cols-3 gap-5"
            >
              <section>
                <label
                  style="display: block; font-size: 12px; font-weight: 600; color: rgb(107, 114, 128); letter-spacing: 0.07em; text-transform: uppercase; margin-bottom: 8px;"
                >
                  Date
                </label>
                <input
                  style="width: 100%; padding: 12px 16px; font-size: 15px; border: 1px solid #d1d5db; border-radius: 10px; outline: none; color: rgb(26, 26, 46); background: rgb(255, 255, 255); box-sizing: border-box;"
                  type="date"
                  value="2026-05-18"
                />
              </section>
              <section>
                <label
                  style="display: block; font-size: 12px; font-weight: 600; color: rgb(107, 114, 128); letter-spacing: 0.07em; text-transform: uppercase; margin-bottom: 8px;"
                >
                  Start Time
                </label>
                <input
                  style="width: 100%; padding: 12px 16px; font-size: 15px; border: 1px solid #d1d5db; border-radius: 10px; outline: none; color: rgb(26, 26, 46); background: rgb(255, 255, 255); box-sizing: border-box;"
                  type="time"
                  value="09:00"
                />
              </section>
              <section>
                <label
                  style="display: block; font-size: 12px; font-weight: 600; color: rgb(107, 114, 128); letter-spacing: 0.07em; text-transform: uppercase; margin-bottom: 8px;"
                >
                  End Time
                </label>
                <input
                  style="width: 100%; padding: 12px 16px; font-size: 15px; border: 1px solid #d1d5db; border-radius: 10px; outline: none; color: rgb(26, 26, 46); background: rgb(255, 255, 255); box-sizing: border-box;"
                  type="time"
                  value="17:00"
                />
              </section>
            </section>
            <section
              class="flex justify-end mt-6"
            >
              <button
                class="w-full sm:w-auto"
                style="padding: 12px 26px; font-size: 14px; font-weight: 600; border-radius: 10px; background: rgb(79, 70, 229); color: rgb(255, 255, 255); cursor: pointer;"
              >
                Save Operating Hours
              </button>
            </section>
          </section>
          <section
            style="margin-top: 40px; padding-top: 40px; border-top: 1px solid #e8e8f0;"
          >
            <section
              style="margin-bottom: 28px;"
            >
              <h2
                style="font-size: 20px; font-weight: 700; color: rgb(26, 26, 46); margin: 0px 0px 8px;"
              >
                Content Moderation — Reviews
              </h2>
              <p
                style="font-size: 14px; color: rgb(107, 114, 128); margin: 0px; line-height: 1.5;"
              >
                Remove inappropriate or abusive reviews. Removed reviews are hidden from all users.
              </p>
            </section>
            <div
              style="overflow-x: auto;"
            >
              <table
                style="width: 100%; border-collapse: collapse; font-size: 13px;"
              >
                <thead>
                  <tr>
                    <th
                      style="text-align: left; padding: 10px 8px; color: rgb(107, 114, 128); font-weight: 600; border-bottom: 1px solid #e5e7eb;"
                    >
                      Reviewer
                    </th>
                    <th
                      style="text-align: left; padding: 10px 8px; color: rgb(107, 114, 128); font-weight: 600; border-bottom: 1px solid #e5e7eb;"
                    >
                      Reviewee
                    </th>
                    <th
                      style="text-align: left; padding: 10px 8px; color: rgb(107, 114, 128); font-weight: 600; border-bottom: 1px solid #e5e7eb;"
                    >
                      Listing
                    </th>
                    <th
                      style="text-align: left; padding: 10px 8px; color: rgb(107, 114, 128); font-weight: 600; border-bottom: 1px solid #e5e7eb;"
                    >
                      Rating
                    </th>
                    <th
                      style="text-align: left; padding: 10px 8px; color: rgb(107, 114, 128); font-weight: 600; border-bottom: 1px solid #e5e7eb;"
                    >
                      Comment
                    </th>
                    <th
                      style="text-align: left; padding: 10px 8px; color: rgb(107, 114, 128); font-weight: 600; border-bottom: 1px solid #e5e7eb;"
                    >
                      Date
                    </th>
                    <th
                      style="text-align: left; padding: 10px 8px; color: rgb(107, 114, 128); font-weight: 600; border-bottom: 1px solid #e5e7eb;"
                    >
                      Actions
                    </th>
                  </tr>
                </thead>
                <tbody>
                  <tr>
                    <td
                      style="padding: 10px 8px; border-top: 1px solid #e5e7eb;"
                    >
                      alice
                    </td>
                    <td
                      style="padding: 10px 8px; border-top: 1px solid #e5e7eb;"
                    >
                      bob
                    </td>
                    <td
                      style="padding: 10px 8px; border-top: 1px solid #e5e7eb;"
                    >
                      Old Textbook
                    </td>
                    <td
                      style="padding: 10px 8px; border-top: 1px solid #e5e7eb; white-space: nowrap;"
                    >
                      ★★★★☆
                    </td>
                    <td
                      style="padding: 10px 8px; border-top: 1px solid #e5e7eb; max-width: 240px;"
                    >
                      inappropriate language here
                    </td>
                    <td
                      style="padding: 10px 8px; border-top: 1px solid #e5e7eb; white-space: nowrap;"
                    >
                      2026/05/18
                    </td>
                    <td
                      style="padding: 10px 8px; border-top: 1px solid #e5e7eb;"
                    >
                      <button
                        style="background: rgb(254, 226, 226); color: rgb(185, 28, 28); border-radius: 8px; padding: 6px 14px; cursor: pointer; font-size: 13px; font-weight: 600;"
                      >
                        Remove
                      </button>
                    </td>
                  </tr>
                  <tr>
                    <td
                      style="padding: 10px 8px; border-top: 1px solid #e5e7eb;"
                    >
                      charlie
                    </td>
                    <td
                      style="padding: 10px 8px; border-top: 1px solid #e5e7eb;"
                    >
                      diana
                    </td>
                    <td
                      style="padding: 10px 8px; border-top: 1px solid #e5e7eb;"
                    >
                      Laptop
                    </td>
                    <td
                      style="padding: 10px 8px; border-top: 1px solid #e5e7eb; white-space: nowrap;"
                    >
                      ★★★★★
                    </td>
                    <td
                      style="padding: 10px 8px; border-top: 1px solid #e5e7eb; max-width: 240px;"
                    >
                      Great trade
                    </td>
                    <td
                      style="padding: 10px 8px; border-top: 1px solid #e5e7eb; white-space: nowrap;"
                    >
                      2026/05/18
                    </td>
                    <td
                      style="padding: 10px 8px; border-top: 1px solid #e5e7eb;"
                    >
                      <button
                        style="background: rgb(254, 226, 226); color: rgb(185, 28, 28); border-radius: 8px; padding: 6px 14px; cursor: pointer; font-size: 13px; font-weight: 600;"
                      >
                        Remove
                      </button>
                    </td>
                  </tr>
                </tbody>
              </table>
            </div>
          </section>
          <section
            style="margin-top: 40px; padding-top: 40px; border-top: 1px solid #e8e8f0;"
          >
            <section
              style="margin-bottom: 28px;"
            >
              <h2
                id="analytics-overview"
                style="font-size: 20px; font-weight: 700; color: rgb(26, 26, 46); margin: 0px 0px 8px;"
              >
                Analytics Overview
              </h2>
              <p
                style="font-size: 14px; color: rgb(107, 114, 128); margin: 0px; line-height: 1.5;"
              >
                Quick operational insights for bookings, users, facility usage, revenue, and listings.
              </p>
            </section>
            <section
              class="grid grid-cols-2 lg:grid-cols-4 gap-5"
            >
              <div
                style="padding: 20px; border: 1px solid #e8e8f0; border-radius: 10px;"
              >
                <p
                  style="margin: 0px; font-size: 12px; color: rgb(107, 114, 128); text-transform: uppercase;"
                >
                  Total Bookings
                </p>
                <p
                  style="margin-top: 12px; font-size: 24px; font-weight: 700;"
                >
                  5
                </p>
              </div>
              <div
                style="padding: 20px; border: 1px solid #e8e8f0; border-radius: 10px;"
              >
                <p
                  style="margin: 0px; font-size: 12px; color: rgb(107, 114, 128); text-transform: uppercase;"
                >
                  Confirmed
                </p>
                <p
                  style="margin-top: 12px; font-size: 24px; font-weight: 700;"
                >
                  1
                </p>
              </div>
              <div
                style="padding: 20px; border: 1px solid #e8e8f0; border-radius: 10px;"
              >
                <p
                  style="margin: 0px; font-size: 12px; color: rgb(107, 114, 128); text-transform: uppercase;"
                >
                  Cancelled
                </p>
                <p
                  style="margin-top: 12px; font-size: 24px; font-weight: 700;"
                >
                  1
                </p>
              </div>
              <div
                style="padding: 20px; border: 1px solid #e8e8f0; border-radius: 10px;"
              >
                <p
                  style="margin: 0px; font-size: 12px; color: rgb(107, 114, 128); text-transform: uppercase;"
                >
                  Total Users
                </p>
                <p
                  style="margin-top: 12px; font-size: 24px; font-weight: 700;"
                >
                  2
                </p>
              </div>
            </section>
            <section
              style="margin-top: 28px;"
            >
              <h3
                style="margin: 0px; font-size: 16px; font-weight: 600; color: rgb(26, 26, 46);"
              >
                User Breakdown
              </h3>
              <section
                style="display: flex; flex-wrap: wrap; gap: 12px; margin-top: 16px;"
              >
                <span
                  style="padding: 10px 14px; border-radius: 999px; background: rgb(243, 244, 246); color: rgb(55, 65, 81); font-size: 14px;"
                >
                  student: 1
                </span>
                <span
                  style="padding: 10px 14px; border-radius: 999px; background: rgb(243, 244, 246); color: rgb(55, 65, 81); font-size: 14px;"
                >
                  facilitator: 1
                </span>
              </section>
            </section>
            <section
              style="margin-top: 28px;"
            >
              <h3
                style="margin: 0px; font-size: 16px; font-weight: 600; color: rgb(26, 26, 46);"
              >
                Revenue Snapshot
              </h3>
              <div
                class="mt-4 grid grid-cols-1 sm:grid-cols-2 gap-5"
              >
                <div
                  style="padding: 20px; border: 1px solid #e8e8f0; border-radius: 10px;"
                >
                  <p
                    style="margin: 0px; font-size: 12px; color: rgb(107, 114, 128); text-transform: uppercase;"
                  >
                    Total Revenue
                  </p>
                  <p
                    style="margin-top: 12px; font-size: 24px; font-weight: 700;"
                  >
                    $200.00
                  </p>
                </div>
                <div
                  style="padding: 20px; border: 1px solid #e8e8f0; border-radius: 10px;"
                >
                  <p
                    style="margin: 0px; font-size: 12px; color: rgb(107, 114, 128); text-transform: uppercase;"
                  >
                    Avg. Transaction
                  </p>
                  <p
                    style="margin-top: 12px; font-size: 24px; font-weight: 700;"
                  >
                    $100.00
                  </p>
                </div>
              </div>
            </section>
            <section
              style="margin-top: 28px;"
            >
              <h3
                style="margin: 0px; font-size: 16px; font-weight: 600; color: rgb(26, 26, 46);"
              >
                Listing Performance
              </h3>
              <div
                class="mt-4 grid grid-cols-2 gap-5"
              >
                <div
                  style="padding: 20px; border: 1px solid #e8e8f0; border-radius: 10px;"
                >
                  <p
                    style="margin: 0px; font-size: 12px; color: rgb(107, 114, 128); text-transform: uppercase;"
                  >
                    Total Listings
                  </p>
                  <p
                    style="margin-top: 12px; font-size: 24px; font-weight: 700;"
                  >
                    3
                  </p>
                </div>
                <div
                  style="padding: 20px; border: 1px solid #e8e8f0; border-radius: 10px;"
                >
                  <p
                    style="margin: 0px; font-size: 12px; color: rgb(107, 114, 128); text-transform: uppercase;"
                  >
                    Active Listings
                  </p>
                  <p
                    style="margin-top: 12px; font-size: 24px; font-weight: 700;"
                  >
                    2
                  </p>
                </div>
              </div>
              <section
                style="margin-top: 16px; display: flex; flex-wrap: wrap; gap: 12px;"
              >
                <span
                  style="padding: 10px 14px; border-radius: 999px; background: rgb(243, 244, 246); color: rgb(55, 65, 81); font-size: 14px;"
                >
                  Books: 1
                </span>
                <span
                  style="padding: 10px 14px; border-radius: 999px; background: rgb(243, 244, 246); color: rgb(55, 65, 81); font-size: 14px;"
                >
                  Electronics: 1
                </span>
                <span
                  style="padding: 10px 14px; border-radius: 999px; background: rgb(243, 244, 246); color: rgb(55, 65, 81); font-size: 14px;"
                >
                  Uncategorized: 1
                </span>
              </section>
            </section>
            <section
              style="margin-top: 36px; padding: 28px; border: 1px solid #e8e8f0; border-radius: 16px; background: rgb(250, 250, 251);"
            >
              <section
                class="flex flex-col sm:flex-row sm:items-center sm:justify-between gap-4"
              >
                <div>
                  <h3
                    style="margin: 0px; font-size: 18px; font-weight: 700; color: rgb(26, 26, 46);"
                  >
                    Reports & Exports
                  </h3>
                  <p
                    style="margin: 8px 0px 0px; font-size: 14px; color: rgb(107, 114, 128);"
                  >
                    Download the latest category, facility, and moderation reports as CSV or PDF.
                  </p>
                </div>
                <section
                  class="flex flex-wrap gap-3"
                >
                  <button
                    style="padding: 10px 18px; border-radius: 10px; border: 1px solid #e5e7eb; background: rgb(255, 255, 255); cursor: pointer;"
                  >
                    Export Categories CSV
                  </button>
                  <button
                    style="padding: 10px 18px; border-radius: 10px; border: 1px solid #4f46e5; background: rgb(79, 70, 229); color: rgb(255, 255, 255); cursor: pointer;"
                  >
                    Export Categories PDF
                  </button>
                </section>
              </section>
              <section
                style="margin-top: 24px; display: grid; gap: 24px;"
              >
                <section>
                  <h4
                    style="margin: 0px 0px 10px; font-size: 16px; font-weight: 600; color: rgb(26, 26, 46);"
                  >
                    Most Popular Categories & Completed Transactions
                  </h4>
                  <p
                    style="margin: 0px; font-size: 14px; color: rgb(107, 114, 128);"
                  >
                    Tracks which item categories are most listed and how many completed transactions happened each day.
                  </p>
                  <div
                    style="margin-top: 16px; display: grid; gap: 10px;"
                  >
                    <section
                      style="display: flex; gap: 12px; flex-wrap: wrap;"
                    >
                      <span
                        style="padding: 10px 14px; border-radius: 999px; background: rgb(255, 255, 255); border: 1px solid #e5e7eb; color: rgb(26, 26, 46); font-size: 14px;"
                      >
                        Books: 1
                      </span>
                      <span
                        style="padding: 10px 14px; border-radius: 999px; background: rgb(255, 255, 255); border: 1px solid #e5e7eb; color: rgb(26, 26, 46); font-size: 14px;"
                      >
                        Electronics: 1
                      </span>
                      <span
                        style="padding: 10px 14px; border-radius: 999px; background: rgb(255, 255, 255); border: 1px solid #e5e7eb; color: rgb(26, 26, 46); font-size: 14px;"
                      >
                        Uncategorized: 1
                      </span>
                    </section>
                  </div>
                </section>
                <section
                  style="padding: 20px; border: 1px solid #e8e8f0; border-radius: 10px; background: rgb(255, 255, 255);"
                >
                  <h4
                    style="margin: 0px 0px 14px; font-size: 16px; font-weight: 600; color: rgb(26, 26, 46);"
                  >
                    Completed Transactions Over Time
                  </h4>
                  <table
                    style="width: 100%; border-collapse: collapse; font-size: 13px;"
                  >
                    <thead>
                      <tr>
                        <th
                          style="text-align: left; padding: 10px 8px; color: rgb(107, 114, 128); font-weight: 600;"
                        >
                          Date
                        </th>
                        <th
                          style="text-align: left; padding: 10px 8px; color: rgb(107, 114, 128); font-weight: 600;"
                        >
                          Collected
                        </th>
                        <th
                          style="text-align: left; padding: 10px 8px; color: rgb(107, 114, 128); font-weight: 600;"
                        >
                          Completed Orders
                        </th>
                        <th
                          style="text-align: left; padding: 10px 8px; color: rgb(107, 114, 128); font-weight: 600;"
                        >
                          Total
                        </th>
                      </tr>
                    </thead>
                    <tbody>
                      <tr>
                        <td
                          style="padding: 10px 8px; border-top: 1px solid #e5e7eb;"
                        >
                          2026-05-18
                        </td>
                        <td
                          style="padding: 10px 8px; border-top: 1px solid #e5e7eb;"
                        >
                          1
                        </td>
                        <td
                          style="padding: 10px 8px; border-top: 1px solid #e5e7eb;"
                        >
                          2
                        </td>
                        <td
                          style="padding: 10px 8px; border-top: 1px solid #e5e7eb;"
                        >
                          3
                        </td>
                      </tr>
                    </tbody>
                  </table>
                </section>
                <section
                  style="padding: 24px; border: 1px solid #e8e8f0; border-radius: 16px; background: rgb(255, 255, 255);"
                >
                  <section
                    style="display: flex; justify-content: space-between; align-items: center; gap: 12px; flex-wrap: wrap;"
                  >
                    <h4
                      style="margin: 0px; font-size: 16px; font-weight: 600; color: rgb(26, 26, 46);"
                    >
                      Trade Facility Utilization
                    </h4>
                    <section
                      style="display: flex; gap: 10px; flex-wrap: wrap;"
                    >
                      <button
                        style="padding: 10px 16px; border-radius: 10px; border: 1px solid #e5e7eb; background: rgb(255, 255, 255); cursor: pointer;"
                      >
                        CSV
                      </button>
                      <button
                        style="padding: 10px 16px; border-radius: 10px; border: 1px solid #4f46e5; background: rgb(79, 70, 229); color: rgb(255, 255, 255); cursor: pointer;"
                      >
                        PDF
                      </button>
                    </section>
                  </section>
                  <div
                    style="margin-top: 18px;"
                  >
                    <section
                      style="display: grid; gap: 12px;"
                    >
                      <div
                        style="padding: 14px; border-radius: 12px; background: rgb(248, 250, 252); display: flex; justify-content: space-between; align-items: center;"
                      >
                        <span>
                          2026-05-18 · 09:00 - 10:00
                        </span>
                        <span
                          style="font-weight: 600;"
                        >
                          2/10 (20%)
                        </span>
                      </div>
                      <div
                        style="padding: 14px; border-radius: 12px; background: rgb(248, 250, 252); display: flex; justify-content: space-between; align-items: center;"
                      >
                        <span>
                          2026-05-18 · 10:00 - 11:00
                        </span>
                        <span
                          style="font-weight: 600;"
                        >
                          0/5 (0%)
                        </span>
                      </div>
                    </section>
                  </div>
                </section>
                <section
                  style="padding: 24px; border: 1px solid #e8e8f0; border-radius: 16px; background: rgb(255, 255, 255);"
                >
                  <section
                    style="display: flex; justify-content: space-between; align-items: center; gap: 12px; flex-wrap: wrap;"
                  >
                    <h4
                      style="margin: 0px; font-size: 16px; font-weight: 600; color: rgb(26, 26, 46);"
                    >
                      Flagged / Moderated Content Summary
                    </h4>
                    <section
                      style="display: flex; gap: 10px; flex-wrap: wrap;"
                    >
                      <button
                        style="padding: 10px 16px; border-radius: 10px; border: 1px solid #e5e7eb; background: rgb(255, 255, 255); cursor: pointer;"
                      >
                        CSV
                      </button>
                      <button
                        style="padding: 10px 16px; border-radius: 10px; border: 1px solid #4f46e5; background: rgb(79, 70, 229); color: rgb(255, 255, 255); cursor: pointer;"
                      >
                        PDF
                      </button>
                    </section>
                  </section>
                  <div
                    style="margin-top: 18px;"
                  >
                    <p
                      style="margin: 0px 0px 12px; color: rgb(55, 65, 81);"
                    >
                      Flagged messages: 1, flagged reviews: 1
                    </p>
                    <section
                      style="display: grid; gap: 12px;"
                    >
                      <div
                        style="padding: 14px; border-radius: 12px; border: 1px solid #e5e7eb; background: rgb(248, 250, 252);"
                      >
                        <p
                          style="margin: 0px; font-size: 13px; font-weight: 600; color: rgb(26, 26, 46);"
                        >
                          Message
                        </p>
                        <p
                          style="margin: 6px 0px 0px; font-size: 13px; color: rgb(75, 85, 99);"
                        >
                          This is spam content
                        </p>
                        <p
                          style="margin: 6px 0px 0px; font-size: 12px; color: rgb(107, 114, 128);"
                        >
                          Reference: l1
                        </p>
                      </div>
                      <div
                        style="padding: 14px; border-radius: 12px; border: 1px solid #e5e7eb; background: rgb(248, 250, 252);"
                      >
                        <p
                          style="margin: 0px; font-size: 13px; font-weight: 600; color: rgb(26, 26, 46);"
                        >
                          Review
                        </p>
                        <p
                          style="margin: 6px 0px 0px; font-size: 13px; color: rgb(75, 85, 99);"
                        >
                          inappropriate language here
                        </p>
                        <p
                          style="margin: 6px 0px 0px; font-size: 12px; color: rgb(107, 114, 128);"
                        >
                          Reference: l3
                        </p>
                      </div>
                    </section>
                  </div>
                </section>
              </section>
            </section>
          </section>
        </section>
      </main>
      <footer
        class="h-14 bg-white border-t border-slate-200 px-6 flex items-center justify-center text-sm text-slate-500"
      >
        <span>
          © 2026 UNIMART. All Rights Reserved.
        </span>
      </footer>
    </section>
  </section>
</DocumentFragment>
`;
