// Jest Snapshot v1, https://goo.gl/fbAQLP

exports[`Snapshot matches snapshot on initial render 1`] = `
<DocumentFragment>
  <div
    style="display: flex; height: 100vh; font-family: 'Inter', sans-serif; background: rgb(240, 240, 248); color: rgb(26, 26, 46); overflow: hidden;"
  >
    <aside
      style="width: 280px; min-width: 280px; background: rgb(255, 255, 255); border-right: 1px solid #e8e8f0; display: flex; flex-direction: column; padding: 28px 0px;"
    >
      <div
        style="padding: 0px 24px 32px; border-bottom: 1px solid #e8e8f0;"
      >
        <div
          style="display: flex; align-items: center; gap: 12px;"
        >
          <div
            style="width: 40px; height: 40px; border-radius: 10px; background: rgb(79, 70, 229); display: flex; align-items: center; justify-content: center;"
          >
            <svg
              fill="white"
              height="20"
              viewBox="0 0 24 24"
              width="20"
            >
              <path
                d="M19 6H5a2 2 0 0 0-2 2v9a2 2 0 0 0 2 2h14a2 2 0 0 0 2-2V8a2 2 0 0 0-2-2zm-9 8H7v-2h3v2zm5 0h-3v-2h3v2zm3-4H6V8h12v2z"
              />
            </svg>
          </div>
          <div>
            <div
              style="font-weight: 800; font-size: 18px; color: rgb(26, 26, 46); line-height: 1.2;"
            >
              Uni-Mart
            </div>
            <div
              style="font-size: 10px; color: rgb(139, 143, 168); letter-spacing: 0.08em; text-transform: uppercase;"
            >
              Admin Portal
            </div>
          </div>
        </div>
      </div>
      <nav
        style="flex: 1; padding: 24px 16px; display: flex; flex-direction: column; gap: 4px;"
      >
        <div
          style="display: flex; align-items: center; gap: 14px; padding: 12px 16px; border-radius: 10px; cursor: pointer; background: transparent; color: rgb(107, 114, 128); font-weight: 400; font-size: 15px;"
        >
          <span
            class="material-symbols-outlined"
            style="font-size: 22px;"
          >
            grid_view
          </span>
          Dashboard
        </div>
        <div
          style="display: flex; align-items: center; gap: 14px; padding: 12px 16px; border-radius: 10px; cursor: pointer; background: rgb(238, 236, 253); color: rgb(79, 70, 229); font-weight: 600; font-size: 15px;"
        >
          <span
            class="material-symbols-outlined"
            style="font-size: 22px;"
          >
            person
          </span>
          Users
        </div>
        <div
          style="display: flex; align-items: center; gap: 14px; padding: 12px 16px; border-radius: 10px; cursor: pointer; background: transparent; color: rgb(107, 114, 128); font-weight: 400; font-size: 15px;"
        >
          <span
            class="material-symbols-outlined"
            style="font-size: 22px;"
          >
            list_alt
          </span>
          Listings
        </div>
        <div
          style="display: flex; align-items: center; gap: 14px; padding: 12px 16px; border-radius: 10px; cursor: pointer; background: transparent; color: rgb(107, 114, 128); font-weight: 400; font-size: 15px;"
        >
          <span
            class="material-symbols-outlined"
            style="font-size: 22px;"
          >
            bar_chart
          </span>
          Reports
        </div>
        <div
          style="display: flex; align-items: center; gap: 14px; padding: 12px 16px; border-radius: 10px; cursor: pointer; background: transparent; color: rgb(107, 114, 128); font-weight: 400; font-size: 15px;"
        >
          <span
            class="material-symbols-outlined"
            style="font-size: 22px;"
          >
            analytics
          </span>
          Analytics
        </div>
        <div
          style="display: flex; align-items: center; gap: 14px; padding: 12px 16px; border-radius: 10px; cursor: pointer; background: transparent; color: rgb(107, 114, 128); font-weight: 400; font-size: 15px;"
        >
          <span
            class="material-symbols-outlined"
            style="font-size: 22px;"
          >
            settings
          </span>
          Settings
        </div>
      </nav>
      <div
        style="padding: 16px; border-top: 1px solid #e8e8f0; display: flex; flex-direction: column; gap: 4px;"
      >
        <div
          style="display: flex; align-items: center; gap: 14px; padding: 12px 16px; border-radius: 10px; cursor: pointer; color: rgb(107, 114, 128); font-size: 15px;"
        >
          <span
            class="material-symbols-outlined"
            style="font-size: 22px;"
          >
            help_outline
          </span>
          Support
        </div>
        <div
          style="display: flex; align-items: center; gap: 14px; padding: 12px 16px; border-radius: 10px; cursor: pointer; color: rgb(107, 114, 128); font-size: 15px;"
        >
          <span
            class="material-symbols-outlined"
            style="font-size: 22px;"
          >
            logout
          </span>
          Logout
        </div>
      </div>
    </aside>
    <div
      style="flex: 1; display: flex; flex-direction: column; overflow: hidden;"
    >
      <header
        style="height: 64px; background: rgb(255, 255, 255); border-bottom: 1px solid #e8e8f0; display: flex; align-items: center; justify-content: space-between; padding: 0px 32px;"
      >
        <div
          style="display: flex; align-items: center; gap: 10px;"
        >
          <span
            style="font-size: 16px; font-weight: 600; color: rgb(26, 26, 46);"
          >
            Create Staff Profile
          </span>
          <span
            style="color: rgb(209, 213, 219); font-size: 14px;"
          >
            |
          </span>
          <span
            style="font-size: 14px; color: rgb(156, 163, 175);"
          >
            Users
          </span>
          <span
            style="font-size: 14px; color: rgb(156, 163, 175);"
          >
            ›
          </span>
          <span
            style="font-size: 14px; color: rgb(79, 70, 229); font-weight: 500;"
          >
            Add Staff
          </span>
        </div>
        <div
          style="display: flex; align-items: center; gap: 20px;"
        >
          <div
            style="display: flex; align-items: center; gap: 10px; background: rgb(245, 245, 251); border: 1px solid #e8e8f0; border-radius: 24px; padding: 8px 18px; width: 240px;"
          >
            <span
              class="material-symbols-outlined"
              style="font-size: 18px; color: rgb(156, 163, 175);"
            >
              search
            </span>
            <span
              style="font-size: 14px; color: rgb(156, 163, 175);"
            >
              Search resources...
            </span>
          </div>
          <div
            style="display: flex; align-items: center; gap: 16px;"
          >
            <span
              class="material-symbols-outlined"
              style="font-size: 22px; color: rgb(107, 114, 128); cursor: pointer;"
            >
              notifications
            </span>
            <span
              class="material-symbols-outlined"
              style="font-size: 22px; color: rgb(107, 114, 128); cursor: pointer;"
            >
              help_outline
            </span>
            <div
              style="width: 36px; height: 36px; border-radius: 50%; background: rgb(79, 70, 229); display: flex; align-items: center; justify-content: center; color: white; font-size: 14px; font-weight: 600; cursor: pointer;"
            >
              A
            </div>
          </div>
        </div>
      </header>
      <main
        style="flex: 1; overflow: auto; padding: 32px; display: flex; align-items: flex-start; justify-content: center;"
      >
        <div
          style="background: rgb(255, 255, 255); border-radius: 16px; border: 1px solid #e8e8f0; padding: 40px 48px; width: 100%; max-width: 760px;"
        >
          <div
            style="margin-bottom: 36px;"
          >
            <h1
              style="font-size: 24px; font-weight: 700; color: rgb(26, 26, 46); margin: 0px 0px 8px;"
            >
              Trade Facilitator Staff
            </h1>
            <p
              style="font-size: 14px; color: rgb(107, 114, 128); margin: 0px; line-height: 1.5;"
            >
              Onboard a new facilitator to manage campus marketplace transactions and safety protocols.
            </p>
          </div>
          <div
            style="display: flex; flex-direction: column; gap: 28px;"
          >
            <div>
              <label
                style="display: block; font-size: 12px; font-weight: 600; color: rgb(107, 114, 128); letter-spacing: 0.07em; text-transform: uppercase; margin-bottom: 8px;"
              >
                Full Name
              </label>
              <input
                placeholder="e.g. Alexander Pierce"
                style="width: 100%; padding: 12px 16px; font-size: 15px; border: 1px solid #d1d5db; border-radius: 10px; outline: none; color: rgb(26, 26, 46); background: rgb(255, 255, 255); box-sizing: border-box;"
                type="text"
                value=""
              />
            </div>
            <div
              style="display: grid; grid-template-columns: 1fr 1fr; gap: 20px;"
            >
              <div>
                <label
                  style="display: block; font-size: 12px; font-weight: 600; color: rgb(107, 114, 128); letter-spacing: 0.07em; text-transform: uppercase; margin-bottom: 8px;"
                >
                  Assigned Facility
                </label>
                <select
                  style="width: 100%; padding: 12px 16px; font-size: 15px; border: 1px solid #d1d5db; border-radius: 10px; outline: none; color: rgb(156, 163, 175); background: rgb(255, 255, 255); box-sizing: border-box; appearance: none; cursor: pointer;"
                >
                  <option
                    disabled=""
                    value=""
                  >
                    Select a facility...
                  </option>
                  <option
                    value="North Campus Hub"
                  >
                    North Campus Hub
                  </option>
                  <option
                    value="Library Commons Zone"
                  >
                    Library Commons Zone
                  </option>
                  <option
                    value="South Plaza Exchange"
                  >
                    South Plaza Exchange
                  </option>
                  <option
                    value="Graduate Student Center"
                  >
                    Graduate Student Center
                  </option>
                  <option
                    value="West Wing Marketplace"
                  >
                    West Wing Marketplace
                  </option>
                  <option
                    value="Engineering Quarter"
                  >
                    Engineering Quarter
                  </option>
                </select>
              </div>
              <div>
                <label
                  style="display: block; font-size: 12px; font-weight: 600; color: rgb(107, 114, 128); letter-spacing: 0.07em; text-transform: uppercase; margin-bottom: 8px;"
                >
                  Role
                </label>
                <div
                  style="display: flex; align-items: center; justify-content: space-between; padding: 12px 16px; font-size: 15px; border: 1px solid #c7c3fb; border-radius: 10px; background: rgb(245, 243, 255); color: rgb(79, 70, 229); font-weight: 500;"
                >
                  <span>
                    Trade Facilitator
                  </span>
                  <span
                    class="material-symbols-outlined"
                    style="font-size: 18px; color: rgb(79, 70, 229);"
                  >
                    settings
                  </span>
                </div>
              </div>
            </div>
            <div
              style="display: flex; justify-content: flex-end; gap: 16px; margin-top: 12px;"
            >
              <button
                style="padding: 12px 26px; font-size: 14px; font-weight: 500; border: 1px solid #d1d5db; border-radius: 10px; background: transparent; color: rgb(55, 65, 81); cursor: pointer;"
              >
                Discard
              </button>
              <button
                style="padding: 12px 26px; font-size: 14px; font-weight: 600; border-radius: 10px; background: rgb(79, 70, 229); color: rgb(255, 255, 255); cursor: pointer;"
              >
                Create Staff Profile
              </button>
            </div>
          </div>
        </div>
      </main>
      <footer
        style="height: 52px; background: rgb(255, 255, 255); border-top: 1px solid #e8e8f0; display: flex; align-items: center; justify-content: space-between; padding: 0px 32px; font-size: 13px; color: rgb(156, 163, 175);"
      >
        <span>
          © 2024 Uni-Mart Campus Marketplace. All Rights Reserved.
        </span>
        <div
          style="display: flex; gap: 24px;"
        >
          <span
            style="cursor: pointer;"
          >
            Privacy Policy
          </span>
          <span
            style="cursor: pointer;"
          >
            Security Standards
          </span>
          <span
            style="cursor: pointer;"
          >
            System Status
          </span>
        </div>
      </footer>
    </div>
  </div>
</DocumentFragment>
`;
