// Jest Snapshot v1, https://goo.gl/fbAQLP

exports[`PaymentSuccess Snapshot matches snapshot 1`] = `
<div>
  <section
    class="min-h-screen bg-offwhite flex items-center justify-center px-5"
  >
    <div
      class="text-center max-w-md bg-white rounded-3xl p-10 shadow-sm border border-gray-100"
    >
      <div
        class="flex justify-center mb-6"
      >
        <div
          class="w-16 h-16 rounded-full flex items-center justify-center"
          style="background: rgb(234, 243, 222);"
        >
          <svg
            data-testid="check-circle-icon"
            width="36"
          />
        </div>
      </div>
      <h1
        class="text-2xl font-bold text-dark mb-2 font-display uppercase"
      >
        Payment Successful!
      </h1>
      <p
        class="text-gray-500 text-sm mb-6 leading-relaxed"
      >
        Your payment has been confirmed. The seller will be notified to drop off your item at the Trade Facility. You'll be able to collect it once staff confirm receipt.
      </p>
      <div
        class="bg-gray-50 rounded-2xl p-4 mb-6 text-left"
      >
        <p
          class="text-xs font-semibold text-gray-400 uppercase tracking-widest mb-3"
        >
          What happens next
        </p>
        <div
          class="flex items-start gap-3 mb-2 last:mb-0"
        >
          <div
            class="w-5 h-5 rounded-full bg-dark text-white text-xs flex items-center justify-center shrink-0 mt-0.5"
          >
            1
          </div>
          <p
            class="text-sm text-gray-600"
          >
            Seller drops off your item at the Trade Facility
          </p>
        </div>
        <div
          class="flex items-start gap-3 mb-2 last:mb-0"
        >
          <div
            class="w-5 h-5 rounded-full bg-dark text-white text-xs flex items-center justify-center shrink-0 mt-0.5"
          >
            2
          </div>
          <p
            class="text-sm text-gray-600"
          >
            Staff confirm the item has been received
          </p>
        </div>
        <div
          class="flex items-start gap-3 mb-2 last:mb-0"
        >
          <div
            class="w-5 h-5 rounded-full bg-dark text-white text-xs flex items-center justify-center shrink-0 mt-0.5"
          >
            3
          </div>
          <p
            class="text-sm text-gray-600"
          >
            You collect your item from the facility
          </p>
        </div>
      </div>
      <button
        class="w-full py-3 rounded-xl bg-dark text-white font-semibold text-sm hover:bg-gray-800 transition-colors"
      >
        Back to Dashboard
      </button>
    </div>
  </section>
</div>
`;
