// Jest Snapshot v1, https://goo.gl/fbAQLP

exports[`PaymentCancel Snapshot matches snapshot 1`] = `
<div>
  <section
    class="w-full min-h-screen bg-gradient-to-br from-red-50 to-orange-100 flex items-center justify-center px-5"
  >
    <section
      class="text-center max-w-[500px] bg-white rounded-3xl p-12 shadow-lg"
    >
      <section
        class="flex justify-center mb-8"
      >
        <svg
          class="text-red-500"
          data-testid="x-circle-icon"
          width="80"
        />
      </section>
      <h1
        class="text-4xl font-bold text-dark mb-4 font-display uppercase"
      >
        Payment Cancelled
      </h1>
      <p
        class="text-lg text-text-muted mb-8 leading-relaxed"
      >
        Your payment was cancelled. No charges have been made to your account. You can try again or return to browse more items.
      </p>
      <section
        class="bg-amber-50 border-l-4 border-amber-400 p-4 mb-8 text-left rounded-lg"
      >
        <p
          class="text-sm text-amber-800 font-medium"
        >
          💡 Tip: You can save items to your wishlist and purchase them later whenever you're ready!
        </p>
      </section>
      <section
        class="flex flex-col sm:flex-row gap-4"
      >
        <button
          class="flex-1 flex items-center justify-center gap-2 bg-dark text-white font-semibold py-3 px-6 rounded-xl hover:bg-gray-800 transition-colors uppercase text-sm"
        >
          <svg
            data-testid="arrow-left-icon"
            width="18"
          />
          Go Back
        </button>
        <button
          class="flex-1 flex items-center justify-center gap-2 bg-primary text-white font-semibold py-3 px-6 rounded-xl hover:bg-primary-dark transition-colors uppercase text-sm"
        >
          <svg
            data-testid="home-icon"
            width="18"
          />
          Back to Dashboard
        </button>
      </section>
      <p
        class="mt-8 text-xs text-text-muted"
      >
        Need help? Contact 
        <span
          class="font-semibold"
        >
          support@unimart.com
        </span>
      </p>
    </section>
  </section>
</div>
`;
